=== Reproduction independante du tableau kappa=-0.1 (auto-invalidant) ===
  lambda(t)=-1.000 : 1 racine(s) -> ['-1.0000']  Var=['0.50']
  lambda(t)=-0.100 : 1 racine(s) -> ['-0.1994']  Var=['2.51']
  lambda(t)=-0.010 : 1 racine(s) -> ['-0.1100']  Var=['4.55']
  lambda(t)=-0.001 : 1 racine(s) -> ['-0.1010']  Var=['4.95']

=== Reproduction independante du tableau kappa=+0.05 (auto-realisateur) ===
  lambda(t)=-0.500 : 1 racine(s) -> ['-0.5000']
  lambda(t)=-0.100 : 1 racine(s) -> ['-0.0500']
  lambda(t)=-0.050 : 0 racine(s) -> AUCUNE SOLUTION
  lambda(t)=-0.020 : 0 racine(s) -> AUCUNE SOLUTION

=== Scan fin autour du seuil de disparition annonce (kappa=+0.05, entre -0.06 et -0.05) ===
  lambda(t)=-0.06000 : 1 racine(s)
  lambda(t)=-0.05950 : 1 racine(s)
  lambda(t)=-0.05900 : 1 racine(s)
  lambda(t)=-0.05850 : 1 racine(s)
  lambda(t)=-0.05800 : 1 racine(s)
  lambda(t)=-0.05750 : 1 racine(s)
  lambda(t)=-0.05700 : 1 racine(s)
  lambda(t)=-0.05650 : 1 racine(s)
  lambda(t)=-0.05600 : 1 racine(s)
  lambda(t)=-0.05550 : 1 racine(s)
  lambda(t)=-0.05500 : 1 racine(s)
  lambda(t)=-0.05450 : 1 racine(s)
  lambda(t)=-0.05400 : 1 racine(s)
  lambda(t)=-0.05350 : 1 racine(s)
  lambda(t)=-0.05300 : 1 racine(s)
  lambda(t)=-0.05250 : 1 racine(s)
  lambda(t)=-0.05200 : 1 racine(s)
  lambda(t)=-0.05150 : 1 racine(s)
  lambda(t)=-0.05100 : 1 racine(s)
  lambda(t)=-0.05050 : 1 racine(s)
  lambda(t)=-0.05000 : 0 racine(s)

=== Balayage plus large de kappa>0 : lambda_c(kappa) (premier lambda(t) sans solution) ===
  kappa=+0.01 : lambda_c approx = -0.009601900475118663
  kappa=+0.02 : lambda_c approx = -0.019603900975243782
  kappa=+0.05 : lambda_c approx = -0.04960990247561892
  kappa=+0.08 : lambda_c approx = -0.07961590397599383
  kappa=+0.10 : lambda_c approx = -0.09961990497624407
  kappa=+0.15 : lambda_c approx = -0.14962990747686922

=== kappa=-0.10 : variance d'ensemble (dynamique reelle) vs AQS (point fixe) ===
       t  lambda_bare   Var empirique  Var AQS (pt fixe)  ecart relatif
     0.0      -1.0000          0.0099             0.5000         98.0%  <-- ecart>20%
    20.0      -0.9600          0.5159             0.5208          1.0%
    40.0      -0.9200          0.5399             0.5435          0.7%
    60.0      -0.8800          0.5687             0.5682          0.1%
    80.0      -0.8400          0.6094             0.5952          2.4%
   100.0      -0.8000          0.6150             0.6250          1.6%
   120.0      -0.7600          0.6661             0.6579          1.2%
   140.0      -0.7200          0.6896             0.6944          0.7%
   160.0      -0.6800          0.7344             0.7353          0.1%
   180.0      -0.6400          0.7921             0.7812          1.4%
   200.0      -0.6000          0.8322             0.8333          0.1%
   220.0      -0.5600          0.9079             0.8929          1.7%
   240.0      -0.5200          0.9633             0.9615          0.2%
   260.0      -0.4800          1.0254             1.0417          1.6%
   280.0      -0.4400          1.1308             1.1363          0.5%
   300.0      -0.4000          1.2525             1.2498          0.2%
   320.0      -0.3600          1.3496             1.3880          2.8%
   340.0      -0.3200          1.5255             1.5568          2.0%
   360.0      -0.2800          1.6961             1.7419          2.6%
   380.0      -0.2400          1.9017             1.8887          0.7%
   400.0      -0.2000          2.1689             2.0000          8.4%
   420.0      -0.1600          2.5012             2.1166         18.2%
   440.0      -0.1200          3.0030             2.3157         29.7%  <-- ecart>20%
   460.0      -0.0800          3.6384             2.7784         31.0%  <-- ecart>20%
   480.0      -0.0400          4.7067             3.5714         31.8%  <-- ecart>20%

=== kappa=+0.05 : variance d'ensemble (dynamique reelle) vs AQS (point fixe) ===
       t  lambda_bare   Var empirique  Var AQS (pt fixe)  ecart relatif
     0.0      -1.0000          0.0102             0.5000         98.0%  <-- ecart>20%
    20.0      -0.9600          0.5250             0.5208          0.8%
    40.0      -0.9200          0.5506             0.5435          1.3%
    60.0      -0.8800          0.5707             0.5682          0.4%
    80.0      -0.8400          0.5964             0.5952          0.2%
   100.0      -0.8000          0.6205             0.6250          0.7%
   120.0      -0.7600          0.6748             0.6579          2.6%
   140.0      -0.7200          0.6976             0.6944          0.5%
   160.0      -0.6800          0.7488             0.7353          1.8%
   180.0      -0.6400          0.7923             0.7813          1.4%
   200.0      -0.6000          0.8283             0.8333          0.6%
   220.0      -0.5600          0.8875             0.8929          0.6%
   240.0      -0.5200          0.9596             0.9615          0.2%
   260.0      -0.4800          1.0450             1.0417          0.3%
   280.0      -0.4400          1.1338             1.1364          0.2%
   300.0      -0.4000          1.2353             1.2501          1.2%
   320.0      -0.3600          1.3838             1.3893          0.4%
   340.0      -0.3200          1.6022             1.5656          2.3%
   360.0      -0.2800          1.8046             1.8418          2.0%
   380.0      -0.2400          2.2082             2.6303         16.0%
   400.0      -0.2000          2.7239             3.3333         18.3%
   420.0      -0.1600          3.5957             4.5455         20.9%  <-- ecart>20%
   440.0      -0.1200          5.2134             7.1429         27.0%  <-- ecart>20%
   460.0      -0.0800          8.7525            16.6667         47.5%  <-- ecart>20%
   480.0      -0.0400         21.0407  PAS DE POINT FIXE

Temps ecoule: 275.4s

[exited with code 0]
