=== Validite de l'AQS : variance d'ensemble vs prediction quasi-stationnaire (kappa=0, N=20000) ===
       t  lambda(t)   Var empirique    Var AQS  ecart relatif
     0.0    -1.0000          0.0102     0.5000         98.0%  <-- ecart>20%
    20.0    -0.9600          0.5173     0.5208          0.7%
    40.0    -0.9200          0.5448     0.5435          0.2%
    60.0    -0.8800          0.5691     0.5682          0.2%
    80.0    -0.8400          0.5846     0.5952          1.8%
   100.0    -0.8000          0.6279     0.6250          0.5%
   120.0    -0.7600          0.6645     0.6579          1.0%
   140.0    -0.7200          0.7005     0.6944          0.9%
   160.0    -0.6800          0.7336     0.7353          0.2%
   180.0    -0.6400          0.7713     0.7812          1.3%
   200.0    -0.6000          0.8347     0.8333          0.2%
   220.0    -0.5600          0.8855     0.8929          0.8%
   240.0    -0.5200          0.9642     0.9615          0.3%
   260.0    -0.4800          1.0464     1.0417          0.5%
   280.0    -0.4400          1.1371     1.1364          0.1%
   300.0    -0.4000          1.2449     1.2500          0.4%
   320.0    -0.3600          1.3721     1.3889          1.2%
   340.0    -0.3200          1.5369     1.5625          1.6%
   360.0    -0.2800          1.7506     1.7857          2.0%
   380.0    -0.2400          2.0594     2.0833          1.1%
   400.0    -0.2000          2.4392     2.5000          2.4%
   420.0    -0.1600          2.9714     3.1250          4.9%
   440.0    -0.1200          3.8944     4.1667          6.5%
   460.0    -0.0800          5.5619     6.2500         11.0%
   480.0    -0.0400          9.0713    12.5000         27.4%  <-- ecart>20%

L'AQS decroche (ecart >20%, de facon soutenue) a partir de t=480.0, lambda(t)=-0.0400

Temps ecoule: 21.0s

[exited with code 0]
